*************************************************
*                                               *
*          !!!!! HAVE A GREAT DAY !!!!!         *
*                                               *
*************************************************
THIS DEVICE IS PART OF A PRIVATE NETWORK
*************************************************
* Unauthorised access or use of this equipment  *
* is prohibited and constitutes an offence under*
* the Computer Misuse Act 1990.                 *
* This system is being monitored and logs will  *
* be used as evidence in court.                 *
* If you are not authorised to use this system, *
* Terminate this session now!                   *
*************************************************
User amishra11 logged in to BLR-LON-LAB-IT-FW
Logins over the last 90 days: 188.  Last login: 23:03:13 UTC Jul 26 2025 from 10.100.134.40
Failed logins since the last login: 0.  Last failed login: 07:56:35 UTC Jun 9 2025 from 10.100.134.40
Type help or '?' for a list of available commands.
BLR-LON-LAB-IT-FW> 
BLR-LON-LAB-IT-FW> show curpriv
Username : amishra11
Current privilege level : 1
Current Mode/s : P_UNPR
BLR-LON-LAB-IT-FW> 
BLR-LON-LAB-IT-FW> 
BLR-LON-LAB-IT-FW> enable
Password: **********
BLR-LON-LAB-IT-FW# terminal pager 0
BLR-LON-LAB-IT-FW# 
BLR-LON-LAB-IT-FW# configure terminal
BLR-LON-LAB-IT-FW(config)# 
BLR-LON-LAB-IT-FW(config)# terminal width 511
BLR-LON-LAB-IT-FW(config)# 
BLR-LON-LAB-IT-FW(config)# end
BLR-LON-LAB-IT-FW# 
BLR-LON-LAB-IT-FW# 
BLR-LON-LAB-IT-FW# 
BLR-LON-LAB-IT-FW# terminal pager 0
BLR-LON-LAB-IT-FW# 
BLR-LON-LAB-IT-FW# show route

Codes: L - local, C - connected, S - static, R - RIP, M - mobile, B - BGP
       D - EIGRP, EX - EIGRP external, O - OSPF, IA - OSPF inter area 
       N1 - OSPF NSSA external type 1, N2 - OSPF NSSA external type 2
       E1 - OSPF external type 1, E2 - OSPF external type 2, V - VPN
       i - IS-IS, su - IS-IS summary, L1 - IS-IS level-1, L2 - IS-IS level-2
       ia - IS-IS inter area, * - candidate default, U - per-user static route
       o - ODR, P - periodic downloaded static route, + - replicated route
       SI - Static InterVRF, BI - BGP InterVRF
Gateway of last resort is 10.91.127.18 to network 0.0.0.0

S*       0.0.0.0 0.0.0.0 [1/0] via 10.91.127.18, outside
S        8.8.4.4 255.255.255.255 [1/0] via 125.17.254.9, LAB-FW12-Airtel
S        8.8.8.8 255.255.255.255 [1/0] via 10.91.127.18, outside
S        10.0.0.0 255.0.0.0 [1/0] via 172.18.0.9, EU-Reliance
S        10.0.100.11 255.255.255.255 [1/0] via 10.91.127.18, outside
S        10.0.100.12 255.255.255.255 [1/0] via 10.91.127.18, outside
S        10.0.100.13 255.255.255.255 [1/0] via 10.91.127.18, outside
S        10.0.100.101 255.255.255.255 [1/0] via 10.91.127.18, outside
S        10.0.100.102 255.255.255.255 [1/0] via 10.91.127.18, outside
S        10.0.100.103 255.255.255.255 [1/0] via 10.91.127.18, outside
S        10.0.100.111 255.255.255.255 [1/0] via 10.91.127.18, outside
S        10.0.100.112 255.255.255.255 [1/0] via 10.91.127.18, outside
S        10.0.100.113 255.255.255.255 [1/0] via 10.91.127.18, outside
S        10.1.91.48 255.255.255.255 [1/0] via 10.91.127.2, inside
S        10.1.99.146 255.255.255.255 [1/0] via 10.91.127.2, inside
S        10.5.1.224 255.255.255.255 [1/0] via 10.91.127.2, inside
S        10.5.1.226 255.255.255.255 [1/0] via 10.91.127.2, inside
S        10.5.2.92 255.255.255.255 [1/0] via 172.18.0.9, EU-Reliance
S        10.5.2.95 255.255.255.255 [1/0] via 172.18.0.9, EU-Reliance
S        10.5.2.98 255.255.255.255 [1/0] via 172.18.0.9, EU-Reliance
S        10.5.2.99 255.255.255.255 [1/0] via 172.18.0.9, EU-Reliance
S        10.5.2.100 255.255.255.255 [1/0] via 172.18.0.9, EU-Reliance
S        10.5.2.101 255.255.255.255 [1/0] via 172.18.0.9, EU-Reliance
S        10.5.2.103 255.255.255.255 [1/0] via 172.18.0.9, EU-Reliance
S        10.5.2.104 255.255.255.255 [1/0] via 172.18.0.9, EU-Reliance
S        10.5.10.41 255.255.255.255 [1/0] via 172.18.0.9, EU-Reliance
S        10.32.177.0 255.255.255.0 [1/0] via 10.91.127.2, inside
S        10.33.253.0 255.255.255.0 [1/0] via 10.91.127.2, inside
S        10.33.253.212 255.255.255.255 [1/0] via 10.91.127.2, inside
S        10.34.86.129 255.255.255.255 [1/0] via 10.91.127.2, inside
S        10.34.87.31 255.255.255.255 [1/0] via 10.91.127.2, inside
S        10.34.87.32 255.255.255.255 [1/0] via 10.91.127.2, inside
S        10.34.87.35 255.255.255.255 [1/0] via 10.91.127.2, inside
S        10.34.87.36 255.255.255.255 [1/0] via 10.91.127.2, inside
S        10.34.87.40 255.255.255.255 [1/0] via 10.91.127.2, inside
S        10.34.87.41 255.255.255.255 [1/0] via 10.91.127.2, inside
S        10.34.87.43 255.255.255.255 [1/0] via 10.91.127.2, inside
S        10.34.87.45 255.255.255.255 [1/0] via 10.91.127.2, inside
S        10.34.87.128 255.255.255.240 [1/0] via 10.91.127.2, inside
S        10.34.87.128 255.255.255.255 [1/0] via 10.91.127.2, inside
S        10.34.87.131 255.255.255.255 [1/0] via 10.91.127.2, inside
S        10.34.87.132 255.255.255.255 [1/0] via 10.91.127.2, inside
S        10.34.87.135 255.255.255.255 [1/0] via 10.91.127.2, inside
S        10.34.87.136 255.255.255.255 [1/0] via 10.91.127.2, inside
S        10.34.87.137 255.255.255.255 [1/0] via 10.91.127.2, inside
S        10.34.87.138 255.255.255.255 [1/0] via 10.91.127.2, inside
S        10.34.87.143 255.255.255.255 [1/0] via 10.91.127.2, inside
S        10.34.89.0 255.255.255.0 [1/0] via 10.91.127.2, inside
S        10.34.93.0 255.255.255.0 [1/0] via 10.91.127.2, inside
S        10.34.94.0 255.255.255.0 [1/0] via 10.91.127.2, inside
S        10.34.94.40 255.255.255.255 [1/0] via 10.91.127.2, inside
S        10.34.94.41 255.255.255.255 [1/0] via 10.91.127.2, inside
S        10.34.94.129 255.255.255.255 [1/0] via 10.91.127.2, inside
S        10.34.94.130 255.255.255.255 [1/0] via 10.91.127.2, inside
S        10.34.94.134 255.255.255.255 [1/0] via 10.91.127.2, inside
S        10.34.94.141 255.255.255.255 [1/0] via 10.91.127.2, inside
S        10.34.94.153 255.255.255.255 [1/0] via 10.91.127.2, inside
S        10.34.94.156 255.255.255.255 [1/0] via 10.91.127.2, inside
S        10.34.106.0 255.255.255.0 [1/0] via 10.91.127.2, inside
S        10.34.108.0 255.255.255.0 [1/0] via 10.91.127.2, inside
S        10.39.14.0 255.255.255.0 [1/0] via 10.91.127.2, inside
S        10.39.32.0 255.255.255.0 [1/0] via 10.91.127.2, inside
S        10.40.10.0 255.255.255.0 [1/0] via 10.91.127.2, inside
S        10.44.64.64 255.255.255.192 [1/0] via 10.91.127.2, inside
S        10.44.81.100 255.255.255.255 [1/0] via 10.91.127.2, inside
S        10.49.22.0 255.255.255.0 [1/0] via 10.91.127.2, inside
S        10.49.23.0 255.255.255.0 [1/0] via 10.91.127.2, inside
S        10.49.45.0 255.255.255.0 [1/0] via 10.91.127.2, inside
S        10.49.48.0 255.255.255.0 [1/0] via 10.91.127.2, inside
S        10.49.48.41 255.255.255.255 [1/0] via 10.91.127.2, inside
S        10.49.68.0 255.255.255.0 [1/0] via 10.91.127.2, inside
S        10.49.118.10 255.255.255.255 [1/0] via 10.91.127.2, inside
S        10.49.137.80 255.255.255.240 [1/0] via 10.91.127.2, inside
S        10.49.177.0 255.255.255.0 [1/0] via 10.91.127.2, inside
S        10.54.0.4 255.255.255.255 [1/0] via 10.91.127.10, LAB
S        10.54.0.5 255.255.255.255 [1/0] via 10.91.127.10, LAB
S        10.54.0.26 255.255.255.255 [1/0] via 10.91.127.10, LAB
S        10.54.0.100 255.255.255.255 [1/0] via 10.91.127.10, LAB
S        10.64.1.135 255.255.255.255 [1/0] via 10.91.127.18, outside
S        10.64.3.3 255.255.255.255 [1/0] via 10.91.127.18, outside
S        10.64.3.4 255.255.255.255 [1/0] via 10.91.127.18, outside
S        10.64.3.5 255.255.255.255 [1/0] via 10.91.127.18, outside
S        10.64.3.6 255.255.255.255 [1/0] via 10.91.127.18, outside
S        10.65.0.0 255.255.252.0 [1/0] via 10.91.127.18, outside
S        10.91.0.0 255.255.240.0 [1/0] via 10.91.127.2, inside
S        10.91.4.0 255.255.255.0 [1/0] via 10.91.127.2, inside
S        10.91.4.104 255.255.255.255 [1/0] via 10.91.127.2, inside
S        10.91.8.62 255.255.255.255 [1/0] via 10.91.127.2, inside
S        10.91.20.0 255.255.255.0 [1/0] via 10.91.127.2, inside
S        10.91.21.0 255.255.255.0 [11/0] via 10.91.127.2, inside
S        10.91.26.0 255.255.254.0 [1/0] via 10.91.127.2, inside
S        10.91.26.0 255.255.255.128 [1/0] via 10.91.127.2, inside
S        10.91.30.0 255.255.255.0 [1/0] via 10.91.127.2, inside
S        10.91.31.0 255.255.255.0 [1/0] via 10.91.127.2, inside
S        10.91.33.0 255.255.255.0 [1/0] via 10.91.127.2, inside
S        10.91.36.0 255.255.255.0 [1/0] via 10.91.127.2, inside
S        10.91.41.0 255.255.255.0 [1/0] via 10.91.127.2, inside
S        10.91.42.0 255.255.255.0 [1/0] via 10.91.127.2, inside
S        10.91.43.0 255.255.255.0 [1/0] via 10.91.127.2, inside
S        10.91.48.0 255.255.255.0 [1/0] via 10.91.127.2, inside
S        10.91.56.0 255.255.255.0 [1/0] via 10.91.127.2, inside
S        10.91.64.0 255.255.252.0 [1/0] via 10.91.127.2, inside
S        10.91.80.0 255.255.255.0 [1/0] via 10.91.127.2, inside
S        10.91.82.0 255.255.255.0 [1/0] via 10.91.127.2, inside
S        10.91.84.0 255.255.255.0 [1/0] via 10.91.127.2, inside
S        10.91.86.0 255.255.255.0 [1/0] via 10.91.127.2, inside
S        10.91.87.0 255.255.255.0 [1/0] via 10.91.127.2, inside
S        10.91.88.0 255.255.255.0 [1/0] via 10.91.127.2, inside
S        10.91.89.0 255.255.255.0 [1/0] via 10.91.127.2, inside
S        10.91.90.0 255.255.255.0 [1/0] via 10.91.127.2, inside
S        10.91.91.0 255.255.255.0 [1/0] via 10.91.127.2, inside
S        10.91.92.0 255.255.255.0 [1/0] via 10.91.127.2, inside
S        10.91.93.0 255.255.255.128 [1/0] via 10.91.127.2, inside
S        10.91.104.0 255.255.254.0 [1/0] via 10.91.127.2, inside
S        10.91.106.0 255.255.254.0 [1/0] via 10.91.127.2, inside
S        10.91.112.0 255.255.240.0 [1/0] via 10.91.127.10, LAB
C        10.91.127.0 255.255.255.248 is directly connected, inside
L        10.91.127.1 255.255.255.255 is directly connected, inside
C        10.91.127.8 255.255.255.248 is directly connected, LAB
L        10.91.127.9 255.255.255.255 is directly connected, LAB
C        10.91.127.16 255.255.255.248 is directly connected, outside
L        10.91.127.17 255.255.255.255 is directly connected, outside
C        10.91.127.24 255.255.255.248 is directly connected, LAB-FW12-Airtel
L        10.91.127.27 255.255.255.255 is directly connected, LAB-FW12-Airtel
S        10.91.128.0 255.255.255.0 [1/0] via 10.91.127.10, LAB
S        10.91.129.0 255.255.255.0 [1/0] via 10.91.127.10, LAB
S        10.91.130.0 255.255.255.0 [1/0] via 10.91.127.10, LAB
S        10.91.139.0 255.255.255.224 [1/0] via 10.91.127.10, LAB
C        10.91.140.0 255.255.252.0 is directly connected, DCN
L        10.91.140.1 255.255.255.255 is directly connected, DCN
S        10.91.144.0 255.255.252.0 [1/0] via 10.91.127.2, inside
S        10.91.148.0 255.255.252.0 [1/0] via 10.91.149.194, NFVi
C        10.91.149.192 255.255.255.252 is directly connected, NFVi
L        10.91.149.193 255.255.255.255 is directly connected, NFVi
S        10.91.154.203 255.255.255.255 [1/0] via 10.91.127.2, inside
S        10.91.168.0 255.255.252.0 [1/0] via 10.91.127.2, inside
S        10.91.184.0 255.255.255.0 [1/0] via 10.91.127.2, inside
S        10.91.194.0 255.255.255.0 [1/0] via 10.91.127.18, outside
S        10.91.218.0 255.255.255.0 [11/0] via 10.91.127.2, inside
S        10.91.228.0 255.255.254.0 [1/0] via 10.91.127.18, outside
S        10.91.230.0 255.255.254.0 [1/0] via 10.91.127.25, LAB-FW12-Airtel
S        10.91.231.128 255.255.255.224 [1/0] via 10.91.127.18, outside
S        10.91.231.136 255.255.255.248 [1/0] via 10.91.127.25, LAB-FW12-Airtel
S        10.91.231.144 255.255.255.248 [1/0] via 10.91.127.25, LAB-FW12-Airtel
S        10.91.231.152 255.255.255.248 [1/0] via 10.91.127.25, LAB-FW12-Airtel
S        10.91.235.0 255.255.255.192 [1/0] via 10.91.127.10, LAB
S        10.91.240.0 255.255.248.0 [1/0] via 10.91.127.10, LAB
S        10.91.248.0 255.255.255.0 [1/0] via 10.91.149.194, NFVi
S        10.91.249.128 255.255.255.192 [1/0] via 10.91.127.10, LAB
S        10.91.251.0 255.255.255.0 [1/0] via 10.91.127.10, LAB
S        10.91.253.0 255.255.255.0 [1/0] via 10.91.127.10, LAB
S        10.97.0.0 255.255.248.0 [1/0] via 10.91.127.2, inside
S        10.97.8.0 255.255.248.0 [1/0] via 10.91.127.2, inside
S        10.97.16.0 255.255.248.0 [1/0] via 10.91.127.2, inside
S        10.99.16.0 255.255.255.0 [1/0] via 10.91.127.2, inside
S        10.100.4.14 255.255.255.255 [1/0] via 10.91.127.2, inside
S        10.100.4.16 255.255.255.255 [1/0] via 10.91.127.2, inside
S        10.100.4.28 255.255.255.255 [1/0] via 10.91.127.2, inside
S        10.100.4.210 255.255.255.255 [1/0] via 10.91.127.2, inside
S        10.100.5.211 255.255.255.255 [1/0] via 10.91.127.2, inside
S        10.100.110.114 255.255.255.255 [1/0] via 10.91.127.2, inside
S        10.100.132.6 255.255.255.255 [1/0] via 10.91.127.2, inside
S        10.100.132.11 255.255.255.255 [1/0] via 10.91.127.2, inside
S        10.100.132.22 255.255.255.255 [1/0] via 10.91.127.2, inside
S        10.100.132.27 255.255.255.255 [1/0] via 10.91.127.2, inside
S        10.100.132.55 255.255.255.255 [1/0] via 10.91.127.2, inside
S        10.100.132.181 255.255.255.255 [1/0] via 10.91.127.2, inside
S        10.100.134.0 255.255.254.0 [1/0] via 10.91.127.2, inside
S        10.100.136.0 255.255.252.0 [1/0] via 172.18.0.9, EU-Reliance
S        10.100.152.0 255.255.252.0 [1/0] via 10.91.127.2, inside
S        10.100.153.180 255.255.255.255 [1/0] via 172.18.0.9, EU-Reliance
S        10.100.176.0 255.255.240.0 [1/0] via 10.91.127.2, inside
S        10.100.184.186 255.255.255.255 [1/0] via 10.91.127.2, inside
S        10.100.192.0 255.255.248.0 [1/0] via 172.18.0.9, EU-Reliance
S        10.100.192.1 255.255.255.255 [1/0] via 10.91.127.2, inside
S        10.100.193.72 255.255.255.255 [1/0] via 10.91.127.2, inside
S        10.100.199.48 255.255.255.255 [1/0] via 10.91.127.2, inside
S        10.100.254.150 255.255.255.255 [1/0] via 10.91.127.2, inside
S        10.118.255.97 255.255.255.255 [1/0] via 10.91.127.2, inside
S        10.118.255.98 255.255.255.255 [1/0] via 10.91.127.2, inside
S        10.133.17.1 255.255.255.255 [1/0] via 10.91.127.2, inside
S        10.133.24.0 255.255.255.0 [1/0] via 10.91.127.2, inside
S        10.144.100.0 255.255.255.0 [1/0] via 10.91.127.2, inside
S        10.144.101.0 255.255.255.0 [1/0] via 10.91.127.2, inside
S        10.144.114.0 255.255.254.0 [1/0] via 10.91.127.2, inside
S        10.144.114.8 255.255.255.255 [1/0] via 10.91.127.2, inside
S        10.144.115.4 255.255.255.255 [1/0] via 10.91.127.2, inside
S        10.144.115.9 255.255.255.255 [1/0] via 10.91.127.2, inside
S        10.144.118.0 255.255.254.0 [1/0] via 10.91.127.2, inside
S        10.144.130.0 255.255.255.0 [1/0] via 10.91.127.2, inside
S        10.144.138.20 255.255.255.255 [1/0] via 10.91.127.2, inside
S        10.144.139.131 255.255.255.255 [1/0] via 10.91.127.18, outside
S        10.144.148.0 255.255.254.0 [1/0] via 10.91.127.2, inside
S        10.144.180.0 255.255.254.0 [1/0] via 10.91.127.2, inside
S        10.144.180.17 255.255.255.255 [1/0] via 10.91.127.2, inside
S        10.144.194.0 255.255.254.0 [1/0] via 10.91.127.2, inside
S        10.144.194.1 255.255.255.255 [1/0] via 10.91.127.2, inside
S        10.144.194.11 255.255.255.255 [1/0] via 10.91.127.2, inside
S        10.144.194.13 255.255.255.255 [1/0] via 10.91.127.2, inside
S        10.144.194.205 255.255.255.255 [1/0] via 10.91.127.2, inside
S        10.144.194.222 255.255.255.255 [1/0] via 10.91.127.2, inside
S        10.144.196.0 255.255.255.0 [1/0] via 10.91.127.2, inside
S        10.144.196.6 255.255.255.255 [1/0] via 10.91.127.2, inside
S        10.144.196.10 255.255.255.255 [1/0] via 10.91.127.2, inside
S        10.191.184.0 255.255.252.0 [1/0] via 10.91.127.2, inside
S        10.191.237.0 255.255.255.0 [1/0] via 10.91.149.194, NFVi
S        10.191.237.20 255.255.255.255 [1/0] via 10.91.127.10, LAB
S        10.191.237.22 255.255.255.255 [1/0] via 10.91.127.10, LAB
S        10.191.239.0 255.255.255.0 [1/0] via 10.91.127.10, LAB
S        10.249.22.64 255.255.255.192 [1/0] via 10.91.127.2, inside
S        10.249.24.64 255.255.255.192 [1/0] via 10.91.127.2, inside
S        10.253.32.0 255.255.255.0 [1/0] via 10.91.127.2, inside
S        10.253.33.0 255.255.255.0 [1/0] via 10.91.127.2, inside
S        10.253.35.0 255.255.255.0 [1/0] via 10.91.127.2, inside
S        10.253.36.0 255.255.255.0 [1/0] via 10.91.127.2, inside
S        10.253.39.0 255.255.255.0 [1/0] via 10.91.127.2, inside
S        13.231.33.141 255.255.255.255 [1/0] via 10.91.127.18, outside
S        46.101.244.187 255.255.255.255 [1/0] via 10.91.127.18, outside
S        52.35.95.36 255.255.255.255 [1/0] via 10.91.127.18, outside
S        52.39.249.141 255.255.255.255 [1/0] via 10.91.127.18, outside
S        52.68.145.135 255.255.255.255 [1/0] via 10.91.127.18, outside
S        52.88.59.128 255.255.255.255 [1/0] via 10.91.127.18, outside
S        52.193.81.2 255.255.255.255 [1/0] via 10.91.127.18, outside
S        52.193.227.47 255.255.255.255 [1/0] via 10.91.127.18, outside
S        52.196.8.121 255.255.255.255 [1/0] via 10.91.127.18, outside
S        52.199.92.245 255.255.255.255 [1/0] via 10.91.127.18, outside
S        54.186.35.210 255.255.255.255 [1/0] via 10.91.127.18, outside
S        54.245.113.111 255.255.255.255 [1/0] via 10.91.127.18, outside
S        62.116.129.3 255.255.255.255 [1/0] via 10.91.127.18, outside
S        62.116.129.216 255.255.255.255 [1/0] via 10.91.127.18, outside
S        62.116.169.77 255.255.255.255 [1/0] via 10.91.127.18, outside
S        63.246.0.124 255.255.255.255 [1/0] via 10.91.127.18, outside
S        63.246.8.199 255.255.255.255 [1/0] via 10.91.127.18, outside
S        66.129.230.52 255.255.255.255 [1/0] via 10.91.127.18, outside
S        80.169.151.128 255.255.255.240 [1/0] via 10.91.127.18, outside
S        80.169.151.129 255.255.255.255 [1/0] via 10.91.127.18, outside
S        85.115.52.140 255.255.255.255 [1/0] via 10.91.127.18, outside
S        95.217.210.60 255.255.255.255 [1/0] via 10.91.127.18, outside
S        116.50.57.140 255.255.255.255 [1/0] via 10.91.127.18, outside
S        125.17.166.115 255.255.255.255 [1/0] via 10.91.127.18, outside
S        138.197.233.13 255.255.255.255 [1/0] via 10.91.127.18, outside
S        165.227.15.10 255.255.255.255 [1/0] via 10.91.127.18, outside
S        165.227.48.108 255.255.255.255 [1/0] via 10.91.127.18, outside
S        165.227.136.118 255.255.255.255 [1/0] via 10.91.127.18, outside
S        172.16.0.0 255.255.255.248 [1/0] via 172.18.0.1, EU
S        172.16.0.8 255.255.255.248 [1/0] via 172.18.0.9, EU-Reliance
S        172.17.0.8 255.255.255.248 [1/0] via 172.18.0.9, EU-Reliance
C        172.18.0.0 255.255.255.248 is directly connected, EU
L        172.18.0.5 255.255.255.255 is directly connected, EU
C        172.18.0.8 255.255.255.248 is directly connected, EU-Reliance
L        172.18.0.10 255.255.255.255 is directly connected, EU-Reliance
S        172.22.103.0 255.255.255.0 [1/0] via 172.18.0.9, EU-Reliance
S        172.29.24.0 255.255.255.128 [1/0] via 10.91.127.18, outside
S        172.29.24.1 255.255.255.255 [1/0] via 10.91.127.18, outside
S        172.29.24.2 255.255.255.255 [1/0] via 10.91.127.18, outside
S        172.29.24.3 255.255.255.255 [1/0] via 10.91.127.18, outside
S        172.29.24.4 255.255.255.255 [1/0] via 10.91.127.18, outside
S        172.29.24.5 255.255.255.255 [1/0] via 10.91.127.18, outside
S        172.29.24.6 255.255.255.255 [1/0] via 10.91.127.18, outside
S        172.29.24.7 255.255.255.255 [1/0] via 10.91.127.18, outside
S        172.29.24.8 255.255.255.255 [1/0] via 10.91.127.18, outside
S        172.29.25.0 255.255.255.128 [1/0] via 10.91.127.18, outside
S        172.30.0.0 255.255.248.0 [1/0] via 10.91.127.18, outside
S        172.30.1.49 255.255.255.255 [1/0] via 10.91.127.18, outside
S        172.31.4.33 255.255.255.255 [1/0] via 10.91.127.18, outside
S        172.31.4.34 255.255.255.255 [1/0] via 10.91.127.18, outside
S        172.31.4.35 255.255.255.255 [1/0] via 10.91.127.18, outside
S        172.31.4.36 255.255.255.255 [1/0] via 10.91.127.18, outside
S        172.31.4.37 255.255.255.255 [1/0] via 10.91.127.18, outside
S        172.31.6.0 255.255.255.0 [1/0] via 10.91.127.18, outside
S        172.31.6.10 255.255.255.255 [1/0] via 10.91.127.18, outside
S        172.31.6.11 255.255.255.255 [1/0] via 10.91.127.18, outside
S        172.31.6.12 255.255.255.255 [1/0] via 10.91.127.18, outside
S        172.31.7.1 255.255.255.255 [1/0] via 10.91.127.18, outside
S        173.236.186.107 255.255.255.255 [1/0] via 10.91.127.18, outside
S        178.128.5.134 255.255.255.255 [1/0] via 10.91.127.18, outside
S        188.200.98.5 255.255.255.255 [1/0] via 10.91.127.18, outside
S        192.162.11.0 255.255.255.0 [1/0] via 10.91.127.10, LAB
S        192.162.12.0 255.255.255.0 [1/0] via 10.91.127.10, LAB
S        192.168.54.0 255.255.255.0 [1/0] via 10.91.127.2, inside
S        192.168.55.0 255.255.255.0 [1/0] via 10.91.127.2, inside
S        212.74.75.97 255.255.255.255 [1/0] via 10.91.127.18, outside
S        212.74.75.148 255.255.255.255 [1/0] via 10.91.127.18, outside
S        213.229.150.224 255.255.255.248 [1/0] via 10.91.127.18, outside

BLR-LON-LAB-IT-FW# 
BLR-LON-LAB-IT-FW# exit
